=== Cross-partition OCaml reference test ===

Test 1: Direct calls to Module A
  Counter after 2 increments: 1, 2
  Magic number: 42
  Factorial 5: 120
  Array sum: 55

Test 2: Calls via Module B (B -> A)
  Counter after double_increment: 4
  Magic doubled: 84
  Factorial sum 1-5: 153
  Double array sum: 110
  Greeting: Hello from module A, World!

Test 3: Calls via Module C (C -> B -> A and C -> A)
  Triple increment results: a=7, b=6
  Chained magic: 126
  Combined computation(3): 161
  Full greeting: Hello from module A, World! (via Module C)
  Sum all arrays: 655

Test 4: Float operations across partitions
  Distance from origin to (3,4): 5.0
  Triangle perimeter: 12.0

Test 5: Mutable state across partitions
  After increment_all: a_direct=9, a_from_b=8, b_local=1

Test 6: Recursive cross-partition calls
  Compute chain(3): 45
  Nested compute(2): 129

=== Final state ===
Final counter value: 15
All tests passed!
