=== Huge module cross-partition test ===

Test 1: Direct calls to Huge_module_a
  Counter: 1, 2
  Magic: 42
  sum_arr1: 499500
  call_all(1): 5050
  factorial(5): 120

Test 2: Cross-partition calls (B -> A)
  call_a_increment: 3
  call_a_magic: 42
  call_a_sum: 1999000
  call_a_functions(1): 5050
  call_a_factorial(6): 720

Test 3: Module B's own data
  B.sum_arr1: 2499500
  B.call_all(1): 5150

Test 4: Cross-partition data access (B accessing A's arrays)
  A.arr1[0]: 0
  A.arr1[500]: 500
  A.arr2[0]: 1000
  A.arr2[500]: 1500

Test 5: Cross-partition state
  increment_both: b_local=1, a_counter=4

Test 6: Cross-partition calls (C -> A, C -> B)
  C.call_a_increment: 5
  C.call_b_increment: 2
  C.call_both: a=8, b=3

Test 7: Module C's own data
  C.sum_arr1: 3499500
  C.call_all(1): 15050

Test 8: Combined data from all modules
  sum_all: 7998000

=== All tests passed! ===
